work-info.test.js: starting
Visits check: 1 of 5 entries present.
node : work-info.test.js: FAIL
At line:1 char:1
+ node test/work-info.test.js 2>&1 | out-file -encoding utf8 .\test-out ...
+ ~~~~~~~~~~~~~~~~~~~~~~~~~~~~~~~~
    + CategoryInfo          : NotSpecified: (work-info.test.js: FAIL:String) [], RemoteExcept 
   ion
    + FullyQualifiedErrorId : NativeCommandError
 
AssertionError [ERR_ASSERTION]: error message for startDateCurrent should indicate a 4-digit 
year
    at run (D:\DS-160\test\work-info.test.js:70:3) {
  generatedMessage: false,
  code: 'ERR_ASSERTION',
  actual: false,
  expected: true,
  operator: '==',
  diff: 'simple'
}
